[Licensing::Module] Trying to connect to existing licensing client channel...
Built from '6000.0/respin/6000.0.58f2-44b8bf3a32' branch; Version is '6000.0.58f2 (92dee566b325) revision 9625317'; Using compiler version '193933523'; Build Type 'Release'
[Licensing::IpcConnector] Successfully connected to: "LicenseClient-Edgar" at "2026-09-07T14:46:42.5026139Z"
OS: 'Windows 10  (10.0.19045) 64bit Professional' Language: 'es' Physical Memory: 31965 MB
BatchMode: 1, IsHumanControllingUs: 0, StartBugReporterOnCrash: 0, Is64bit: 1
Date: 2026-09-07T14:46:42Z

COMMAND LINE ARGUMENTS:
C:\Program Files\Unity\Hub\Editor\6000.0.58f2\Editor\Unity.exe
-batchmode
-projectPath
D:/Unity/FPS-PayDayGame
-executeMethod
LabInspection.Run
-quit
-logFile
D:/Unity/FPS-PayDayGame/Artifacts/compile.log
Successfully changed project path to: D:/Unity/FPS-PayDayGame
D:/Unity/FPS-PayDayGame
[UnityMemory] Configuration Parameters - Can be set up in boot.config
    "memorysetup-bucket-allocator-granularity=16"
    "memorysetup-bucket-allocator-bucket-count=8"
    "memorysetup-bucket-allocator-block-size=33554432"
    "memorysetup-bucket-allocator-block-count=8"
    "memorysetup-main-allocator-block-size=16777216"
    "memorysetup-thread-allocator-block-size=16777216"
    "memorysetup-gfx-main-allocator-block-size=16777216"
    "memorysetup-gfx-thread-allocator-block-size=16777216"
    "memorysetup-cache-allocator-block-size=4194304"
    "memorysetup-typetree-allocator-block-size=2097152"
    "memorysetup-profiler-bucket-allocator-granularity=16"
    "memorysetup-profiler-bucket-allocator-bucket-count=8"
    "memorysetup-profiler-bucket-allocator-block-size=33554432"
    "memorysetup-profiler-bucket-allocator-block-count=8"
    "memorysetup-profiler-allocator-block-size=16777216"
    "memorysetup-profiler-editor-allocator-block-size=1048576"
    "memorysetup-temp-allocator-size-main=16777216"
    "memorysetup-job-temp-allocator-block-size=2097152"
    "memorysetup-job-temp-allocator-block-size-background=1048576"
    "memorysetup-job-temp-allocator-reduction-small-platforms=262144"
    "memorysetup-allocator-temp-initial-block-size-main=262144"
    "memorysetup-allocator-temp-initial-block-size-worker=262144"
    "memorysetup-temp-allocator-size-background-worker=32768"
    "memorysetup-temp-allocator-size-job-worker=262144"
    "memorysetup-temp-allocator-size-preload-manager=33554432"
    "memorysetup-temp-allocator-size-nav-mesh-worker=65536"
    "memorysetup-temp-allocator-size-audio-worker=65536"
    "memorysetup-temp-allocator-size-cloud-worker=32768"
    "memorysetup-temp-allocator-size-gi-baking-worker=262144"
    "memorysetup-temp-allocator-size-gi-baking-worker=262144"
    "memorysetup-temp-allocator-size-gi-baking-worker=262144"
    "memorysetup-temp-allocator-size-gi-baking-worker=262144"
    "memorysetup-temp-allocator-size-gi-baking-worker=262144"
    "memorysetup-temp-allocator-size-gfx=262144"
Player connection [1472]  Target information:

Player connection [1472]  * "[IP] 192.168.1.42 [Port] 55504 [Flags] 2 [Guid] 2627549388 [EditorId] 2627549388 [Version] 1048832 [Id] WindowsEditor(7,DESKTOP-BOONDKL) [Debug] 1 [PackageName] WindowsEditor [ProjectName] Editor" 

Player connection [1472]  * "[IP] 192.168.163.1 [Port] 55504 [Flags] 2 [Guid] 2627549388 [EditorId] 2627549388 [Version] 1048832 [Id] WindowsEditor(7,DESKTOP-BOONDKL) [Debug] 1 [PackageName] WindowsEditor [ProjectName] Editor" 

Player connection [1472]  * "[IP] 192.168.235.1 [Port] 55504 [Flags] 2 [Guid] 2627549388 [EditorId] 2627549388 [Version] 1048832 [Id] WindowsEditor(7,DESKTOP-BOONDKL) [Debug] 1 [PackageName] WindowsEditor [ProjectName] Editor" 

Player connection [1472] Host joined multi-casting on [225.0.0.222:54997]...
Player connection [1472] Host joined alternative multi-casting on [225.0.0.222:34997]...
Input System module state changed to: Initialized.
[Physics::Module] Initialized fallback backend.
[Physics::Module] Id: 0xdecafbad
[Licensing::Client] Code 10 while verifying Licensing Client signature (process Id: 15960, path: "C:/Program Files/Unity Hub/UnityLicensingClient_V1/Unity.Licensing.Client.exe")
[Licensing::Module] LicensingClient has failed validation; ignoring
[Licensing::Client] Handshaking with LicensingClient:
  Version:                 1.17.4+4293ba1
  Session Id:              606bdd9a855e4abb97667ae9955ae7b4
  Correlation Id:          c03bca257fb1a6042fc42618372f3307
  External correlation Id: 6715558200900179355
  Machine Id:              WadMmAy/osH9k8L5ydYQtjSc8pk=
[Licensing::Module] Successfully connected to LicensingClient on channel: "LicenseClient-Edgar" (connect: 0.00s, validation: 0.00s, handshake: 0.03s)
[Licensing::IpcConnector] Successfully connected to: "LicenseClient-Edgar-notifications" at "2026-09-07T14:46:42.533722Z"
[Licensing::Module] Error: Access token is unavailable; failed to update
[Licensing::Client] Successfully resolved entitlement details
[Licensing::Module] License group:
  Id: F4-DNGM-2Y5G-P62H-EJWF-XXXX
  Product: Unity Personal
  Type: ULF
  Expiration: Unlimited
[Licensing::Module] License group:
  Id: 6369978-UnityPersXXXX
  Product: Unity Personal
  Type: Assigned
  Expiration: Unlimited
[Licensing::Client] Successfully updated license, isAsync: True, time: 0.00
[Licensing::Client] Successfully resolved entitlement details
[Licensing::Module] License group:
  Id: F4-DNGM-2Y5G-P62H-EJWF-XXXX
  Product: Unity Personal
  Type: ULF
  Expiration: Unlimited
[Licensing::Module] License group:
  Id: 6369978-UnityPersXXXX
  Product: Unity Personal
  Type: Assigned
  Expiration: Unlimited
[Licensing::Module] Licensing Background thread has ended after 0.04s
[Package Manager] Connected to IPC stream "Upm-17484" after 0.2 seconds.
Library Redirect Path: Library/
[Physics::Module] Selected backend.
[Physics::Module] Name: PhysX
[Physics::Module] Id: 0xf2b8ea05
[Physics::Module] SDK Version: 4.1.2
[Physics::Module] Integration Version: 1.0.0
[Physics::Module] Threading Mode: Multi-Threaded
Refreshing native plugins compatible for Editor in 3.57 ms, found 19 plugins.
Preloading 0 native plugins for Editor in 0.00 ms.
Initialize engine version: 6000.0.58f2 (92dee566b325)
[Subsystems] Discovering subsystems at path C:/Program Files/Unity/Hub/Editor/6000.0.58f2/Editor/Data/Resources/UnitySubsystems
[Subsystems] Discovering subsystems at path D:/Unity/FPS-PayDayGame/Assets
GfxDevice: creating device client; kGfxThreadingModeNonThreaded
Direct3D:
    Version:  Direct3D 11.0 [level 11.1]
    Renderer: NVIDIA GeForce RTX 3070 (ID=0x2484)
    Vendor:   NVIDIA
    VRAM:     8018 MB
    Driver:   32.0.16.1686
Initialize mono
Mono path[0] = 'C:/Program Files/Unity/Hub/Editor/6000.0.58f2/Editor/Data/Managed'
Mono path[1] = 'C:/Program Files/Unity/Hub/Editor/6000.0.58f2/Editor/Data/MonoBleedingEdge/lib/mono/unityjit-win32'
Mono config path = 'C:/Program Files/Unity/Hub/Editor/6000.0.58f2/Editor/Data/MonoBleedingEdge/etc'
Using monoOptions --debugger-agent=transport=dt_socket,embedding=1,server=y,suspend=n,address=127.0.0.1:56484
Using cacheserver namespaces - metadata:defaultmetadata, artifacts:defaultartifacts
Using cacheserver namespaces - metadata:defaultmetadata, artifacts:defaultartifacts
ImportWorker Server TCP listen port: 0
AcceleratorClientConnectionCallback - disconnected - :0
Begin MonoManager ReloadAssembly
Registering precompiled unity dll's ...
Register platform support module: C:/Program Files/Unity/Hub/Editor/6000.0.58f2/Editor/Data/PlaybackEngines/WindowsStandaloneSupport/UnityEditor.WindowsStandalone.Extensions.dll
[Licensing::Client] Successfully resolved entitlement details
[Licensing::Module] License group:
  Id: F4-DNGM-2Y5G-P62H-EJWF-XXXX
  Product: Unity Personal
  Type: ULF
  Expiration: Unlimited
[Licensing::Module] License group:
  Id: 6369978-UnityPersXXXX
  Product: Unity Personal
  Type: Assigned
  Expiration: Unlimited
Register platform support module: C:/Program Files/Unity/Hub/Editor/6000.0.58f2/Editor/Data/PlaybackEngines/AndroidPlayer/UnityEditor.Android.Extensions.dll
[Licensing::Client] Successfully resolved entitlement details
[Licensing::Module] License group:
  Id: F4-DNGM-2Y5G-P62H-EJWF-XXXX
  Product: Unity Personal
  Type: ULF
  Expiration: Unlimited
[Licensing::Module] License group:
  Id: 6369978-UnityPersXXXX
  Product: Unity Personal
  Type: Assigned
  Expiration: Unlimited
Register platform support module: C:/Program Files/Unity/Hub/Editor/6000.0.58f2/Editor/Data/PlaybackEngines/iOSSupport/UnityEditor.iOS.Extensions.dll
Registered in 0.009631 seconds.
- Loaded All Assemblies, in  0.289 seconds
Native extension for iOS target not found
Native extension for Android target not found
Android Extension - Scanning For ADB Devices 2193 ms
Native extension for WindowsStandalone target not found
Mono: successfully reloaded assembly
- Finished resetting the current domain, in  2.434 seconds
Domain Reload Profiling: 2717ms
	BeginReloadAssembly (103ms)
		ExecutionOrderSort (0ms)
		DisableScriptedObjects (0ms)
		BackupInstance (0ms)
		ReleaseScriptingObjects (0ms)
		CreateAndSetChildDomain (0ms)
	RebuildCommonClasses (23ms)
	RebuildNativeTypeToScriptingClass (8ms)
	initialDomainReloadingComplete (46ms)
	LoadAllAssembliesAndSetupDomain (104ms)
		LoadAssemblies (99ms)
		RebuildTransferFunctionScriptingTraits (0ms)
		AnalyzeDomain (101ms)
			TypeCache.Refresh (100ms)
				TypeCache.ScanAssembly (91ms)
			BuildScriptInfoCaches (0ms)
			ResolveRequiredComponents (0ms)
	FinalizeReload (2434ms)
		ReleaseScriptCaches (0ms)
		RebuildScriptCaches (0ms)
		SetupLoadedEditorAssemblies (2415ms)
			LogAssemblyErrors (0ms)
			InitializePlatformSupportModulesInManaged (2275ms)
			SetLoadedEditorAssemblies (2ms)
			BeforeProcessingInitializeOnLoad (33ms)
			ProcessInitializeOnLoadAttributes (68ms)
			ProcessInitializeOnLoadMethodAttributes (36ms)
			AfterProcessingInitializeOnLoad (0ms)
			EditorAssembliesLoaded (0ms)
		ExecutionOrderSort2 (0ms)
		AwakeInstancesAfterBackupRestoration (0ms)
[Licensing::Client] Successfully resolved entitlement details
[Licensing::Module] License group:
  Id: F4-DNGM-2Y5G-P62H-EJWF-XXXX
  Product: Unity Personal
  Type: ULF
  Expiration: Unlimited
[Licensing::Module] License group:
  Id: 6369978-UnityPersXXXX
  Product: Unity Personal
  Type: Assigned
  Expiration: Unlimited
Application.AssetDatabase Initial Refresh Start
Package Manager log level set to [2]
[Package Manager] Restoring resolved packages state from cache
[Licensing::Client] Successfully resolved entitlement details
[Package Manager] Registered 58 packages:
  Packages from [https://packages.unity.com]:
    com.unity.ai.navigation@2.0.9 (location: D:\Unity\FPS-PayDayGame\Library\PackageCache\com.unity.ai.navigation@5218e4bf7edc)
    com.unity.cinemachine@3.1.3 (location: D:\Unity\FPS-PayDayGame\Library\PackageCache\com.unity.cinemachine@624f919d8cdd)
    com.unity.collab-proxy@2.9.3 (location: D:\Unity\FPS-PayDayGame\Library\PackageCache\com.unity.collab-proxy@ab839cc7d2ad)
    com.unity.ide.visualstudio@2.0.23 (location: D:\Unity\FPS-PayDayGame\Library\PackageCache\com.unity.ide.visualstudio@198cdf337d13)
    com.unity.inputsystem@1.14.2 (location: D:\Unity\FPS-PayDayGame\Library\PackageCache\com.unity.inputsystem@be6c4fd0abf5)
    com.unity.timeline@1.8.9 (location: D:\Unity\FPS-PayDayGame\Library\PackageCache\com.unity.timeline@6b9e48457ddb)
    com.unity.visualscripting@1.9.7 (location: D:\Unity\FPS-PayDayGame\Library\PackageCache\com.unity.visualscripting@6279e2b7c485)
    com.unity.splines@2.8.1 (location: D:\Unity\FPS-PayDayGame\Library\PackageCache\com.unity.splines@b909627b5095)
    com.unity.searcher@4.9.3 (location: D:\Unity\FPS-PayDayGame\Library\PackageCache\com.unity.searcher@1e17ce91558d)
    com.unity.burst@1.8.24 (location: D:\Unity\FPS-PayDayGame\Library\PackageCache\com.unity.burst@f7a407abf4d5)
    com.unity.mathematics@1.3.2 (location: D:\Unity\FPS-PayDayGame\Library\PackageCache\com.unity.mathematics@8017b507cc74)
    com.unity.collections@2.5.1 (location: D:\Unity\FPS-PayDayGame\Library\PackageCache\com.unity.collections@56bff8827a7e)
    com.unity.settings-manager@2.1.0 (location: D:\Unity\FPS-PayDayGame\Library\PackageCache\com.unity.settings-manager@41738c275190)
    com.unity.nuget.mono-cecil@1.11.4 (location: D:\Unity\FPS-PayDayGame\Library\PackageCache\com.unity.nuget.mono-cecil@d6f9955a5d5f)
    com.unity.test-framework.performance@3.1.0 (location: D:\Unity\FPS-PayDayGame\Library\PackageCache\com.unity.test-framework.performance@92d1d09a72ed)
  Built-in packages:
    com.unity.multiplayer.center@1.0.0 (location: D:\Unity\FPS-PayDayGame\Library\PackageCache\com.unity.multiplayer.center@f3fb577b3546)
    com.unity.render-pipelines.universal@17.0.4 (location: D:\Unity\FPS-PayDayGame\Library\PackageCache\com.unity.render-pipelines.universal@e1fa89d1f997)
    com.unity.test-framework@1.5.1 (location: D:\Unity\FPS-PayDayGame\Library\PackageCache\com.unity.test-framework@1f954279c37e)
    com.unity.ugui@2.0.0 (location: D:\Unity\FPS-PayDayGame\Library\PackageCache\com.unity.ugui@aa507f3228f0)
    com.unity.modules.accessibility@1.0.0 (location: C:\Program Files\Unity\Hub\Editor\6000.0.58f2\Editor\Data\Resources\PackageManager\BuiltInPackages\com.unity.modules.accessibility)
    com.unity.modules.ai@1.0.0 (location: C:\Program Files\Unity\Hub\Editor\6000.0.58f2\Editor\Data\Resources\PackageManager\BuiltInPackages\com.unity.modules.ai)
    com.unity.modules.androidjni@1.0.0 (location: C:\Program Files\Unity\Hub\Editor\6000.0.58f2\Editor\Data\Resources\PackageManager\BuiltInPackages\com.unity.modules.androidjni)
    com.unity.modules.animation@1.0.0 (location: C:\Program Files\Unity\Hub\Editor\6000.0.58f2\Editor\Data\Resources\PackageManager\BuiltInPackages\com.unity.modules.animation)
    com.unity.modules.assetbundle@1.0.0 (location: C:\Program Files\Unity\Hub\Editor\6000.0.58f2\Editor\Data\Resources\PackageManager\BuiltInPackages\com.unity.modules.assetbundle)
    com.unity.modules.audio@1.0.0 (location: C:\Program Files\Unity\Hub\Editor\6000.0.58f2\Editor\Data\Resources\PackageManager\BuiltInPackages\com.unity.modules.audio)
    com.unity.modules.cloth@1.0.0 (location: C:\Program Files\Unity\Hub\Editor\6000.0.58f2\Editor\Data\Resources\PackageManager\BuiltInPackages\com.unity.modules.cloth)
    com.unity.modules.director@1.0.0 (location: C:\Program Files\Unity\Hub\Editor\6000.0.58f2\Editor\Data\Resources\PackageManager\BuiltInPackages\com.unity.modules.director)
    com.unity.modules.imageconversion@1.0.0 (location: C:\Program Files\Unity\Hub\Editor\6000.0.58f2\Editor\Data\Resources\PackageManager\BuiltInPackages\com.unity.modules.imageconversion)
    com.unity.modules.imgui@1.0.0 (location: C:\Program Files\Unity\Hub\Editor\6000.0.58f2\Editor\Data\Resources\PackageManager\BuiltInPackages\com.unity.modules.imgui)
    com.unity.modules.jsonserialize@1.0.0 (location: C:\Program Files\Unity\Hub\Editor\6000.0.58f2\Editor\Data\Resources\PackageManager\BuiltInPackages\com.unity.modules.jsonserialize)
    com.unity.modules.particlesystem@1.0.0 (location: C:\Program Files\Unity\Hub\Editor\6000.0.58f2\Editor\Data\Resources\PackageManager\BuiltInPackages\com.unity.modules.particlesystem)
    com.unity.modules.physics@1.0.0 (location: C:\Program Files\Unity\Hub\Editor\6000.0.58f2\Editor\Data\Resources\PackageManager\BuiltInPackages\com.unity.modules.physics)
    com.unity.modules.physics2d@1.0.0 (location: C:\Program Files\Unity\Hub\Editor\6000.0.58f2\Editor\Data\Resources\PackageManager\BuiltInPackages\com.unity.modules.physics2d)
    com.unity.modules.screencapture@1.0.0 (location: C:\Program Files\Unity\Hub\Editor\6000.0.58f2\Editor\Data\Resources\PackageManager\BuiltInPackages\com.unity.modules.screencapture)
    com.unity.modules.terrain@1.0.0 (location: C:\Program Files\Unity\Hub\Editor\6000.0.58f2\Editor\Data\Resources\PackageManager\BuiltInPackages\com.unity.modules.terrain)
    com.unity.modules.terrainphysics@1.0.0 (location: C:\Program Files\Unity\Hub\Editor\6000.0.58f2\Editor\Data\Resources\PackageManager\BuiltInPackages\com.unity.modules.terrainphysics)
    com.unity.modules.tilemap@1.0.0 (location: C:\Program Files\Unity\Hub\Editor\6000.0.58f2\Editor\Data\Resources\PackageManager\BuiltInPackages\com.unity.modules.tilemap)
    com.unity.modules.ui@1.0.0 (location: C:\Program Files\Unity\Hub\Editor\6000.0.58f2\Editor\Data\Resources\PackageManager\BuiltInPackages\com.unity.modules.ui)
    com.unity.modules.uielements@1.0.0 (location: C:\Program Files\Unity\Hub\Editor\6000.0.58f2\Editor\Data\Resources\PackageManager\BuiltInPackages\com.unity.modules.uielements)
    com.unity.modules.umbra@1.0.0 (location: C:\Program Files\Unity\Hub\Editor\6000.0.58f2\Editor\Data\Resources\PackageManager\BuiltInPackages\com.unity.modules.umbra)
    com.unity.modules.unityanalytics@1.0.0 (location: C:\Program Files\Unity\Hub\Editor\6000.0.58f2\Editor\Data\Resources\PackageManager\BuiltInPackages\com.unity.modules.unityanalytics)
    com.unity.modules.unitywebrequest@1.0.0 (location: C:\Program Files\Unity\Hub\Editor\6000.0.58f2\Editor\Data\Resources\PackageManager\BuiltInPackages\com.unity.modules.unitywebrequest)
    com.unity.modules.unitywebrequestassetbundle@1.0.0 (location: C:\Program Files\Unity\Hub\Editor\6000.0.58f2\Editor\Data\Resources\PackageManager\BuiltInPackages\com.unity.modules.unitywebrequestassetbundle)
    com.unity.modules.unitywebrequestaudio@1.0.0 (location: C:\Program Files\Unity\Hub\Editor\6000.0.58f2\Editor\Data\Resources\PackageManager\BuiltInPackages\com.unity.modules.unitywebrequestaudio)
    com.unity.modules.unitywebrequesttexture@1.0.0 (location: C:\Program Files\Unity\Hub\Editor\6000.0.58f2\Editor\Data\Resources\PackageManager\BuiltInPackages\com.unity.modules.unitywebrequesttexture)
    com.unity.modules.unitywebrequestwww@1.0.0 (location: C:\Program Files\Unity\Hub\Editor\6000.0.58f2\Editor\Data\Resources\PackageManager\BuiltInPackages\com.unity.modules.unitywebrequestwww)
    com.unity.modules.vehicles@1.0.0 (location: C:\Program Files\Unity\Hub\Editor\6000.0.58f2\Editor\Data\Resources\PackageManager\BuiltInPackages\com.unity.modules.vehicles)
    com.unity.modules.video@1.0.0 (location: C:\Program Files\Unity\Hub\Editor\6000.0.58f2\Editor\Data\Resources\PackageManager\BuiltInPackages\com.unity.modules.video)
    com.unity.modules.vr@1.0.0 (location: C:\Program Files\Unity\Hub\Editor\6000.0.58f2\Editor\Data\Resources\PackageManager\BuiltInPackages\com.unity.modules.vr)
    com.unity.modules.wind@1.0.0 (location: C:\Program Files\Unity\Hub\Editor\6000.0.58f2\Editor\Data\Resources\PackageManager\BuiltInPackages\com.unity.modules.wind)
    com.unity.modules.xr@1.0.0 (location: C:\Program Files\Unity\Hub\Editor\6000.0.58f2\Editor\Data\Resources\PackageManager\BuiltInPackages\com.unity.modules.xr)
    com.unity.modules.subsystems@1.0.0 (location: C:\Program Files\Unity\Hub\Editor\6000.0.58f2\Editor\Data\Resources\PackageManager\BuiltInPackages\com.unity.modules.subsystems)
    com.unity.modules.hierarchycore@1.0.0 (location: C:\Program Files\Unity\Hub\Editor\6000.0.58f2\Editor\Data\Resources\PackageManager\BuiltInPackages\com.unity.modules.hierarchycore)
    com.unity.ext.nunit@2.0.5 (location: D:\Unity\FPS-PayDayGame\Library\PackageCache\com.unity.ext.nunit@031a54704bff)
    com.unity.render-pipelines.core@17.0.4 (location: D:\Unity\FPS-PayDayGame\Library\PackageCache\com.unity.render-pipelines.core@05f02f04fe74)
    com.unity.shadergraph@17.0.4 (location: D:\Unity\FPS-PayDayGame\Library\PackageCache\com.unity.shadergraph@7ccd16edcc88)
    com.unity.render-pipelines.universal-config@17.0.3 (location: D:\Unity\FPS-PayDayGame\Library\PackageCache\com.unity.render-pipelines.universal-config@dd206bf35d04)
    com.unity.rendering.light-transport@1.0.1 (location: D:\Unity\FPS-PayDayGame\Library\PackageCache\com.unity.rendering.light-transport@9bd588f963c0)
[Subsystems] No new subsystems found in resolved package list.
[Package Manager] Done registering packages in 0.01 seconds
Assembly reference Packages/com.unity.cinemachine/Editor/Samples/ExposeHDRPInternals/HDRP-Editor-ref.asmref has no target assembly definition
Assembly reference Packages/com.unity.cinemachine/Editor/Samples/ExposeHDRPInternals/HDRP-Editor-ref.asmref has no target assembly definition
[ScriptCompilation] Requested script compilation because: Assetdatabase observed changes in script compilation related files
Starting: C:\Program Files\Unity\Hub\Editor\6000.0.58f2\Editor\Data\bee_backend.exe --ipc --defer-dag-verification --dagfile="Library/Bee/1900b0aE.dag" --continue-on-failure --profile="Library/Bee/backend1.traceevents" ScriptAssemblies
WorkingDir: D:/Unity/FPS-PayDayGame
DisplayProgressbar: Compiling Scripts
ExitCode: 4 Duration: 0s940ms
Rebuilding DAG because FileSignature timestamp changed: Library/Bee/1900b0aE-inputdata.json
[672/861    0s] ILPP-Configuration Library/ilpp-configuration.nevergeneratedoutput
*** Tundra requires additional run (0.91 seconds), 2 items updated, 671 evaluated
Starting: C:\Program Files\Unity\Hub\Editor\6000.0.58f2\Editor\Data\Tools\netcorerun\netcorerun.exe "C:\Program Files\Unity\Hub\Editor\6000.0.58f2\Editor\Data\Tools\BuildPipeline\ScriptCompilationBuildProgram.exe" "Library/Bee/1900b0aE.dag.json" "Library/Bee/1900b0aE-inputdata.json" "Library\Bee\buildprogram0.traceevents"
WorkingDir: D:/Unity/FPS-PayDayGame
ExitCode: 0 Duration: 0s512ms
Starting: C:\Program Files\Unity\Hub\Editor\6000.0.58f2\Editor\Data\bee_backend.exe --ipc --defer-dag-verification --dagfile="Library/Bee/1900b0aE.dag" --continue-on-failure --dagfilejson="Library\Bee\1900b0aE.dag.json" --profile="Library/Bee/backend2.traceevents" ScriptAssemblies
WorkingDir: D:/Unity/FPS-PayDayGame
ExitCode: 0 Duration: 1s334ms
Finished compiling graph: 864 nodes, 15624 flattened edges (12694 ToBuild, 134 ToUse), maximum node priority 963
[475/861    0s] WriteText Library/Bee/artifacts/1900b0aE.dag/Assembly-CSharp.rsp
[672/861    0s] ILPP-Configuration Library/ilpp-configuration.nevergeneratedoutput
[853/861    0s] Csc Library/Bee/artifacts/1900b0aE.dag/Assembly-CSharp.dll (+2 others)
Assets\VoronoirShred\Project\SelectMesh.cs(30,55): warning CS0618: 'Object.FindObjectsOfType<T>()' is obsolete: 'Object.FindObjectsOfType has been deprecated. Use Object.FindObjectsByType instead which lets you decide whether you need the results sorted or not.  FindObjectsOfType sorts the results by InstanceID but if you do not need this using FindObjectSortMode.None is considerably faster.'

Assets\VoronoirShred\Tools\Standard Assets\Utility\EventSystemChecker.cs(13,10): warning CS0618: 'Object.FindObjectOfType<T>()' is obsolete: 'Object.FindObjectOfType has been deprecated. Use Object.FindFirstObjectByType instead or if finding any instance is acceptable the faster Object.FindAnyObjectByType'

Assets\VoronoirShred\Tools\Standard Assets\Utility\EventSystemChecker.cs(18,13): warning CS0618: 'StandaloneInputModule.forceModuleActive' is obsolete: 'forceModuleActive has been deprecated. There is no need to force the module awake as StandaloneInputModule works for all platforms'

Assets\VoronoirShred\Tools\Standard Assets\Utility\TimedObjectDestructor.cs(24,13): warning CS0618: 'Object.DestroyObject(Object)' is obsolete: 'use Object.Destroy instead.'

Assets\VoronoirShred\Tools\Standard Assets\CrossPlatformInput\Scripts\AxisTouchButton.cs(38,27): warning CS0618: 'Object.FindObjectsOfType(Type)' is obsolete: 'Object.FindObjectsOfType has been deprecated. Use Object.FindObjectsByType instead which lets you decide whether you need the results sorted or not.  FindObjectsOfType sorts the results by InstanceID, but if you do not need this using FindObjectSortMode.None is considerably faster.'

Assets\VoronoirShred\Tools\Standard Assets\Utility\ActivateTrigger.cs(57,33): warning CS0618: 'Object.DestroyObject(Object)' is obsolete: 'use Object.Destroy instead.'

Assets\VoronoirShred\Tools\Standard Assets\CrossPlatformInput\Scripts\MobileControlRig.cs(44,63): warning CS0618: 'Object.FindObjectOfType<T>()' is obsolete: 'Object.FindObjectOfType has been deprecated. Use Object.FindFirstObjectByType instead or if finding any instance is acceptable the faster Object.FindAnyObjectByType'

Assets\VoronoirShred\Tools\PostProcessing\Runtime\Components\MotionBlurComponent.cs(350,60): warning CS0618: 'GraphicsDeviceType.OpenGLES2' is obsolete: 'OpenGL ES 2.0 is no longer supported in Unity 2023.1'

Assets\Scripts\InputFunctionsManager\InputReader.cs(12,25): warning CS0067: The event 'InputReader.DodgeEvent' is never used

Assets\Scripts\InputFunctionsManager\InputReader.cs(13,25): warning CS0067: The event 'InputReader.TargetEvent' is never used
[854/861    0s] Csc Library/Bee/artifacts/1900b0aE.dag/Assembly-CSharp-Editor.dll (+2 others)
Assets\DungeonPainterTool\Scripts\Editor\DungeonMapPreview.cs(37,31): warning CS0414: The field 'DungeonMapPreview._visible' is assigned but its value is never used

Assets\DungeonPainterTool\Scripts\Editor\DungeonPainterWindow.cs(45,22): warning CS0414: The field 'DungeonPainterWindow.previewDirty' is assigned but its value is never used
[855/861    0s] ILPostProcess Library/Bee/artifacts/1900b0aE.dag/post-processed/Assembly-CSharp-Editor.dll (+pdb)
Processing assembly Library/Bee/artifacts/1900b0aE.dag/Assembly-CSharp-Editor.dll, with 127 defines and 325 references

processors: Unity.Jobs.CodeGen.JobsILPostProcessor, zzzUnity.Burst.CodeGen.BurstILPostProcessor

running Unity.Jobs.CodeGen.JobsILPostProcessor

running zzzUnity.Burst.CodeGen.BurstILPostProcessor
[856/861    0s] ILPostProcess Library/Bee/artifacts/1900b0aE.dag/post-processed/Assembly-CSharp.dll (+pdb)
Processing assembly Library/Bee/artifacts/1900b0aE.dag/Assembly-CSharp.dll, with 129 defines and 304 references

processors: Unity.Jobs.CodeGen.JobsILPostProcessor, zzzUnity.Burst.CodeGen.BurstILPostProcessor

running Unity.Jobs.CodeGen.JobsILPostProcessor

running zzzUnity.Burst.CodeGen.BurstILPostProcessor
[857/861    0s] CopyFiles Library/ScriptAssemblies/Assembly-CSharp-Editor.pdb
[858/861    0s] CopyFiles Library/ScriptAssemblies/Assembly-CSharp.pdb
[859/861    0s] CopyFiles Library/ScriptAssemblies/Assembly-CSharp.dll
[860/861    0s] CopyFiles Library/ScriptAssemblies/Assembly-CSharp-Editor.dll
*** Tundra build success (1.32 seconds), 10 items updated, 861 evaluated
Assets\VoronoirShred\Project\SelectMesh.cs(30,55): warning CS0618: 'Object.FindObjectsOfType<T>()' is obsolete: 'Object.FindObjectsOfType has been deprecated. Use Object.FindObjectsByType instead which lets you decide whether you need the results sorted or not.  FindObjectsOfType sorts the results by InstanceID but if you do not need this using FindObjectSortMode.None is considerably faster.'
Assets\VoronoirShred\Tools\Standard Assets\Utility\EventSystemChecker.cs(13,10): warning CS0618: 'Object.FindObjectOfType<T>()' is obsolete: 'Object.FindObjectOfType has been deprecated. Use Object.FindFirstObjectByType instead or if finding any instance is acceptable the faster Object.FindAnyObjectByType'
Assets\VoronoirShred\Tools\Standard Assets\Utility\EventSystemChecker.cs(18,13): warning CS0618: 'StandaloneInputModule.forceModuleActive' is obsolete: 'forceModuleActive has been deprecated. There is no need to force the module awake as StandaloneInputModule works for all platforms'
Assets\VoronoirShred\Tools\Standard Assets\Utility\TimedObjectDestructor.cs(24,13): warning CS0618: 'Object.DestroyObject(Object)' is obsolete: 'use Object.Destroy instead.'
Assets\VoronoirShred\Tools\Standard Assets\CrossPlatformInput\Scripts\AxisTouchButton.cs(38,27): warning CS0618: 'Object.FindObjectsOfType(Type)' is obsolete: 'Object.FindObjectsOfType has been deprecated. Use Object.FindObjectsByType instead which lets you decide whether you need the results sorted or not.  FindObjectsOfType sorts the results by InstanceID, but if you do not need this using FindObjectSortMode.None is considerably faster.'
Assets\VoronoirShred\Tools\Standard Assets\Utility\ActivateTrigger.cs(57,33): warning CS0618: 'Object.DestroyObject(Object)' is obsolete: 'use Object.Destroy instead.'
Assets\VoronoirShred\Tools\Standard Assets\CrossPlatformInput\Scripts\MobileControlRig.cs(44,63): warning CS0618: 'Object.FindObjectOfType<T>()' is obsolete: 'Object.FindObjectOfType has been deprecated. Use Object.FindFirstObjectByType instead or if finding any instance is acceptable the faster Object.FindAnyObjectByType'
Assets\VoronoirShred\Tools\PostProcessing\Runtime\Components\MotionBlurComponent.cs(350,60): warning CS0618: 'GraphicsDeviceType.OpenGLES2' is obsolete: 'OpenGL ES 2.0 is no longer supported in Unity 2023.1'
Assets\Scripts\InputFunctionsManager\InputReader.cs(12,25): warning CS0067: The event 'InputReader.DodgeEvent' is never used
Assets\Scripts\InputFunctionsManager\InputReader.cs(13,25): warning CS0067: The event 'InputReader.TargetEvent' is never used
Assets\DungeonPainterTool\Scripts\Editor\DungeonMapPreview.cs(37,31): warning CS0414: The field 'DungeonMapPreview._visible' is assigned but its value is never used
Assets\DungeonPainterTool\Scripts\Editor\DungeonPainterWindow.cs(45,22): warning CS0414: The field 'DungeonPainterWindow.previewDirty' is assigned but its value is never used
AssetDatabase: script compilation time: 3.078923s
Begin MonoManager ReloadAssembly
- Loaded All Assemblies, in  0.899 seconds
'Packages/com.unity.cinemachine/Editor/Editors/CinemachineVirtualCameraBaseEditor.cs' contains partial class of Unity.Object, exactly 1 of the partial classes needs to be in a file with the same filename. This is to know the one that can be referenced from ie. GameObjects
'Packages/com.unity.cinemachine/Editor/Obsolete/CinemachineVirtualCameraBaseEditor.cs' contains partial class of Unity.Object, exactly 1 of the partial classes needs to be in a file with the same filename. This is to know the one that can be referenced from ie. GameObjects
Start importing Assets/Art using Guid(2560cc638312eb443ad27473df7fecfb) (DefaultImporter) -> (artifact id: '86743eb5300fa04cb82608ca4dcf5762') in 0.0153034 seconds
Start importing Assets/Art/Laboratory using Guid(788dd6bb5a0e5c74f8bbae485c79cda3) (DefaultImporter) -> (artifact id: '1dd6a00176a5d06047e2eeb334179b0a') in 0.0049961 seconds
Refreshing native plugins compatible for Editor in 3.26 ms, found 22 plugins.
Native extension for iOS target not found
Native extension for Android target not found
Native extension for WindowsStandalone target not found
Assembly reference Packages/com.unity.cinemachine/Editor/Samples/ExposeHDRPInternals/HDRP-Editor-ref.asmref has no target assembly definition
Mono: successfully reloaded assembly
- Finished resetting the current domain, in  1.969 seconds
Domain Reload Profiling: 2860ms
	BeginReloadAssembly (251ms)
		ExecutionOrderSort (0ms)
		DisableScriptedObjects (7ms)
		BackupInstance (0ms)
		ReleaseScriptingObjects (0ms)
		CreateAndSetChildDomain (124ms)
	RebuildCommonClasses (27ms)
	RebuildNativeTypeToScriptingClass (8ms)
	initialDomainReloadingComplete (28ms)
	LoadAllAssembliesAndSetupDomain (577ms)
		LoadAssemblies (506ms)
		RebuildTransferFunctionScriptingTraits (0ms)
		AnalyzeDomain (163ms)
			TypeCache.Refresh (119ms)
				TypeCache.ScanAssembly (111ms)
			BuildScriptInfoCaches (31ms)
			ResolveRequiredComponents (10ms)
	FinalizeReload (1969ms)
		ReleaseScriptCaches (0ms)
		RebuildScriptCaches (0ms)
		SetupLoadedEditorAssemblies (1751ms)
			LogAssemblyErrors (0ms)
			InitializePlatformSupportModulesInManaged (26ms)
			SetLoadedEditorAssemblies (3ms)
			BeforeProcessingInitializeOnLoad (101ms)
			ProcessInitializeOnLoadAttributes (1544ms)
			ProcessInitializeOnLoadMethodAttributes (62ms)
			AfterProcessingInitializeOnLoad (15ms)
			EditorAssembliesLoaded (0ms)
		ExecutionOrderSort2 (0ms)
		AwakeInstancesAfterBackupRestoration (12ms)
Start importing Assets/Art/Laboratory/OperatorArms.fbx using Guid(231363a41e779fd479b1b692f28a07c7) (FBXImporter)Launched and connected shader compiler UnityShaderCompiler.exe after 0.01 seconds
Keyframe reduction: Ratio: 28.378378%;
Keyframe reduction: Ratio: 23.423426%;
Keyframe reduction: Ratio: 18.146715%;
Keyframe reduction: Ratio: 14.054054%;
Keyframe reduction: Ratio: 21.171171%;
Keyframe reduction: Ratio: 4.166666%;
Keyframe reduction: Ratio: 6.351351%;
 -> (artifact id: 'b2468043cda6606e1bd752c4c0fed91f') in 0.1897045 seconds
Start importing Assets/Prefabs/Player/-----Player.prefab using Guid(33a9e2acf122a9f439cebf07555492bc) (PrefabImporter)Creating missing WeaponAction component for Pistol in PISTOLA_PLASMA_FIX.
Creating missing WeaponAction component for Knife in Knife.
Creating missing WeaponAction component for MachineGun in Carbine.
 -> (artifact id: 'f91c7d4961773460e09c52daa450bf3c') in 0.0249472 seconds
Refreshing native plugins compatible for Editor in 3.47 ms, found 22 plugins.
Preloading 0 native plugins for Editor in 0.00 ms.
Asset Pipeline Refresh (id=ea5b273092a58fa41ac5d963adc1c3f1): Total: 7.159 seconds - Initiated by InitialRefreshV2(ForceSynchronousImport)
	Summary:
		Imports: total=3 (actual=3, local cache=0, cache server=0)
		Asset DB Process Time: managed=19 ms, native=2553 ms
		Asset DB Callback time: managed=539 ms, native=22 ms
		Scripting: domain reloads=1, domain reload time=899 ms, compile time=3080 ms, other=44 ms
		Project Asset Count: scripts=1546, non-scripts=3119
		Asset File Changes: new=7, changed=19, moved=0, deleted=0
		Scan Filter Count: 0
	InvokeCustomDependenciesCallbacks: 0.001ms
	InvokePackagesCallback: 18.184ms
	ApplyChangesToAssetFolders: 0.488ms
	Scan: 93.897ms
	OnSourceAssetsModified: 0.578ms
	CategorizeAssetsWithTransientArtifact: 38.764ms
	ProcessAssetsWithTransientArtifactChanges: 53.183ms
	CategorizeAssets: 41.825ms
	ImportOutOfDateAssets: 2231.115ms (-1100.383ms without children)
		ImportManagerImport: 249.307ms (5.456ms without children)
			ImportInProcess: 243.804ms
			UpdateCategorizedAssets: 0.047ms
		CompileScripts: 3080.201ms
		ReloadNativeAssets: 0.039ms
		UnloadImportedAssets: 0.998ms
		ReloadImportedAssets: 0.000ms
		EnsureUptoDateAssetsAreRegisteredWithGuidPM: 0.673ms
		InitializingProgressBar: 0.009ms
		PostProcessAllAssetNotificationsAddChangedAssets: 0.001ms
		OnDemandSchedulerStart: 0.270ms
	PostProcessAllAssets: 539.830ms
	Hotreload: 5.563ms
	GatherAllCurrentPrimaryArtifactRevisions: 0.000ms
	UnloadStreamsBegin: 1.184ms
	PersistCurrentRevisions: 0.147ms
	UnloadStreamsEnd: 0.001ms
	GenerateScriptTypeHashes: 5.151ms
	Untracked: 4133.998ms

Application.AssetDatabase Initial Refresh End
Scanning for USB devices : 17.322ms
Initializing Unity extensions:
[MODES] ModeService[none].Initialize
[MODES] ModeService[none].LoadModes
[MODES] Loading mode Default (0) for mode-current-id-RobotGame
Unloading 34 Unused Serialized files (Serialized files now loaded: 0)
Unloading 6776 unused Assets / (6.6 MB). Loaded Objects now: 7432.
Memory consumption went from 220.0 MB to 213.4 MB.
Total: 6.425900 ms (FindLiveObjects: 0.542100 ms CreateObjectMapping: 0.231400 ms MarkObjects: 3.723200 ms  DeleteObjects: 1.928500 ms)

Opening scene 'Assets/Scenes/SampleScene.unity'
Unloading 35 Unused Serialized files (Serialized files now loaded: 0)
LightingSettings: switching bake backend from 1 to 2.
Loaded scene 'Assets/Scenes/SampleScene.unity'
	Deserialize:            23.848 ms
	Integration:            202.273 ms
	Integration of assets:  1.578 ms
	Thread Wait Time:       0.059 ms
	Total Operation Time:   227.757 ms
Unloading 164 unused Assets / (24.2 KB). Loaded Objects now: 8921.
Memory consumption went from 213.4 MB to 213.4 MB.
Total: 4.735600 ms (FindLiveObjects: 0.381700 ms CreateObjectMapping: 0.100900 ms MarkObjects: 4.060000 ms  DeleteObjects: 0.192700 ms)

LAB INSPECTION COMPLETE
UnityEngine.Debug:ExtractStackTraceNoAlloc (byte*,int,string)
UnityEngine.StackTraceUtility:ExtractStackTrace ()
UnityEngine.DebugLogHandler:Internal_Log (UnityEngine.LogType,UnityEngine.LogOption,string,UnityEngine.Object)
UnityEngine.DebugLogHandler:LogFormat (UnityEngine.LogType,UnityEngine.Object,string,object[])
UnityEngine.Logger:Log (UnityEngine.LogType,object)
UnityEngine.Debug:Log (object)
LabInspection:Run () (at Assets/Editor/Laboratory/LabInspection.cs:26)

(Filename: Assets/Editor/Laboratory/LabInspection.cs Line: 26)

Batchmode quit successfully invoked - shutting down!
Curl error 42: Callback aborted
Killing ADB server in 0,0388816 seconds.
[Physics::Module] Cleanup current backned.
[Physics::Module] Id: 0xf2b8ea05
Input System module state changed to: ShutdownInProgress.
Input System polling thread exited.
Input System module state changed to: Shutdown.
[Licensing::IpcConnector] LicenseClient-Edgar-notifications channel disconnected successfully.
[Licensing::IpcConnector] LicenseClient-Edgar channel disconnected successfully.
AcceleratorClientConnectionCallback - disconnected - :0
Cleanup mono
Exiting batchmode successfully now!
Exiting without the bug reporter. Application will terminate with return code 0