[Licensing::Module] Trying to connect to existing licensing client channel...
Built from '6000.0/respin/6000.0.58f2-44b8bf3a32' branch; Version is '6000.0.58f2 (92dee566b325) revision 9625317'; Using compiler version '193933523'; Build Type 'Release'
[Licensing::IpcConnector] Successfully connected to: "LicenseClient-Edgar" at "2026-09-07T16:21:31.2941436Z"
OS: 'Windows 10  (10.0.19045) 64bit Professional' Language: 'es' Physical Memory: 31965 MB
BatchMode: 1, IsHumanControllingUs: 0, StartBugReporterOnCrash: 0, Is64bit: 1
Date: 2026-09-07T16:21:31Z

COMMAND LINE ARGUMENTS:
C:\Program Files\Unity\Hub\Editor\6000.0.58f2\Editor\Unity.exe
-batchmode
-projectPath
D:/Unity/FPS-PayDayGame
-executeMethod
LabBuild.Generate
-quit
-logFile
D:/Unity/FPS-PayDayGame/Artifacts/lab-generation.log
Successfully changed project path to: D:/Unity/FPS-PayDayGame
D:/Unity/FPS-PayDayGame
[UnityMemory] Configuration Parameters - Can be set up in boot.config
    "memorysetup-bucket-allocator-granularity=16"
    "memorysetup-bucket-allocator-bucket-count=8"
    "memorysetup-bucket-allocator-block-size=33554432"
    "memorysetup-bucket-allocator-block-count=8"
    "memorysetup-main-allocator-block-size=16777216"
    "memorysetup-thread-allocator-block-size=16777216"
    "memorysetup-gfx-main-allocator-block-size=16777216"
    "memorysetup-gfx-thread-allocator-block-size=16777216"
    "memorysetup-cache-allocator-block-size=4194304"
    "memorysetup-typetree-allocator-block-size=2097152"
    "memorysetup-profiler-bucket-allocator-granularity=16"
    "memorysetup-profiler-bucket-allocator-bucket-count=8"
    "memorysetup-profiler-bucket-allocator-block-size=33554432"
    "memorysetup-profiler-bucket-allocator-block-count=8"
    "memorysetup-profiler-allocator-block-size=16777216"
    "memorysetup-profiler-editor-allocator-block-size=1048576"
    "memorysetup-temp-allocator-size-main=16777216"
    "memorysetup-job-temp-allocator-block-size=2097152"
    "memorysetup-job-temp-allocator-block-size-background=1048576"
    "memorysetup-job-temp-allocator-reduction-small-platforms=262144"
    "memorysetup-allocator-temp-initial-block-size-main=262144"
    "memorysetup-allocator-temp-initial-block-size-worker=262144"
    "memorysetup-temp-allocator-size-background-worker=32768"
    "memorysetup-temp-allocator-size-job-worker=262144"
    "memorysetup-temp-allocator-size-preload-manager=33554432"
    "memorysetup-temp-allocator-size-nav-mesh-worker=65536"
    "memorysetup-temp-allocator-size-audio-worker=65536"
    "memorysetup-temp-allocator-size-cloud-worker=32768"
    "memorysetup-temp-allocator-size-gi-baking-worker=262144"
    "memorysetup-temp-allocator-size-gi-baking-worker=262144"
    "memorysetup-temp-allocator-size-gi-baking-worker=262144"
    "memorysetup-temp-allocator-size-gi-baking-worker=262144"
    "memorysetup-temp-allocator-size-gi-baking-worker=262144"
    "memorysetup-temp-allocator-size-gfx=262144"
Player connection [14440]  Target information:

Player connection [14440]  * "[IP] 192.168.1.42 [Port] 55504 [Flags] 2 [Guid] 3401095660 [EditorId] 3401095660 [Version] 1048832 [Id] WindowsEditor(7,DESKTOP-BOONDKL) [Debug] 1 [PackageName] WindowsEditor [ProjectName] Editor" 

Player connection [14440]  * "[IP] 192.168.163.1 [Port] 55504 [Flags] 2 [Guid] 3401095660 [EditorId] 3401095660 [Version] 1048832 [Id] WindowsEditor(7,DESKTOP-BOONDKL) [Debug] 1 [PackageName] WindowsEditor [ProjectName] Editor" 

Player connection [14440]  * "[IP] 192.168.235.1 [Port] 55504 [Flags] 2 [Guid] 3401095660 [EditorId] 3401095660 [Version] 1048832 [Id] WindowsEditor(7,DESKTOP-BOONDKL) [Debug] 1 [PackageName] WindowsEditor [ProjectName] Editor" 

Player connection [14440] Host joined multi-casting on [225.0.0.222:54997]...
Player connection [14440] Host joined alternative multi-casting on [225.0.0.222:34997]...
Input System module state changed to: Initialized.
[Physics::Module] Initialized fallback backend.
[Physics::Module] Id: 0xdecafbad
[Licensing::Client] Code 10 while verifying Licensing Client signature (process Id: 15960, path: "C:/Program Files/Unity Hub/UnityLicensingClient_V1/Unity.Licensing.Client.exe")
[Licensing::Module] LicensingClient has failed validation; ignoring
[Licensing::Client] Handshaking with LicensingClient:
  Version:                 1.17.4+4293ba1
  Session Id:              e0a006afb2494cdb93c51e1a1516bb42
  Correlation Id:          c03bca257fb1a6042fc42618372f3307
  External correlation Id: 619354323760083307
  Machine Id:              WadMmAy/osH9k8L5ydYQtjSc8pk=
[Licensing::Module] Successfully connected to LicensingClient on channel: "LicenseClient-Edgar" (connect: 0.00s, validation: 0.00s, handshake: 0.03s)
[Licensing::IpcConnector] Successfully connected to: "LicenseClient-Edgar-notifications" at "2026-09-07T16:21:31.3248386Z"
[Licensing::Module] Error: Access token is unavailable; failed to update
[Licensing::Client] Successfully resolved entitlement details
[Licensing::Module] License group:
  Id: F4-DNGM-2Y5G-P62H-EJWF-XXXX
  Product: Unity Personal
  Type: ULF
  Expiration: Unlimited
[Licensing::Module] License group:
  Id: 6369978-UnityPersXXXX
  Product: Unity Personal
  Type: Assigned
  Expiration: Unlimited
[Licensing::Client] Successfully updated license, isAsync: True, time: 0.00
[Licensing::Client] Successfully resolved entitlement details
[Licensing::Module] License group:
  Id: F4-DNGM-2Y5G-P62H-EJWF-XXXX
  Product: Unity Personal
  Type: ULF
  Expiration: Unlimited
[Licensing::Module] License group:
  Id: 6369978-UnityPersXXXX
  Product: Unity Personal
  Type: Assigned
  Expiration: Unlimited
[Licensing::Module] Licensing Background thread has ended after 0.04s
[Package Manager] Connected to IPC stream "Upm-40464" after 0.2 seconds.
Library Redirect Path: Library/
[Physics::Module] Selected backend.
[Physics::Module] Name: PhysX
[Physics::Module] Id: 0xf2b8ea05
[Physics::Module] SDK Version: 4.1.2
[Physics::Module] Integration Version: 1.0.0
[Physics::Module] Threading Mode: Multi-Threaded
Refreshing native plugins compatible for Editor in 3.91 ms, found 19 plugins.
Preloading 0 native plugins for Editor in 0.00 ms.
Initialize engine version: 6000.0.58f2 (92dee566b325)
[Subsystems] Discovering subsystems at path C:/Program Files/Unity/Hub/Editor/6000.0.58f2/Editor/Data/Resources/UnitySubsystems
[Subsystems] Discovering subsystems at path D:/Unity/FPS-PayDayGame/Assets
GfxDevice: creating device client; kGfxThreadingModeNonThreaded
Direct3D:
    Version:  Direct3D 11.0 [level 11.1]
    Renderer: NVIDIA GeForce RTX 3070 (ID=0x2484)
    Vendor:   NVIDIA
    VRAM:     8018 MB
    Driver:   32.0.16.1686
Initialize mono
Mono path[0] = 'C:/Program Files/Unity/Hub/Editor/6000.0.58f2/Editor/Data/Managed'
Mono path[1] = 'C:/Program Files/Unity/Hub/Editor/6000.0.58f2/Editor/Data/MonoBleedingEdge/lib/mono/unityjit-win32'
Mono config path = 'C:/Program Files/Unity/Hub/Editor/6000.0.58f2/Editor/Data/MonoBleedingEdge/etc'
Using monoOptions --debugger-agent=transport=dt_socket,embedding=1,server=y,suspend=n,address=127.0.0.1:56464
Using cacheserver namespaces - metadata:defaultmetadata, artifacts:defaultartifacts
Using cacheserver namespaces - metadata:defaultmetadata, artifacts:defaultartifacts
ImportWorker Server TCP listen port: 0
AcceleratorClientConnectionCallback - disconnected - :0
Begin MonoManager ReloadAssembly
Registering precompiled unity dll's ...
Register platform support module: C:/Program Files/Unity/Hub/Editor/6000.0.58f2/Editor/Data/PlaybackEngines/WindowsStandaloneSupport/UnityEditor.WindowsStandalone.Extensions.dll
[Licensing::Client] Successfully resolved entitlement details
[Licensing::Module] License group:
  Id: F4-DNGM-2Y5G-P62H-EJWF-XXXX
  Product: Unity Personal
  Type: ULF
  Expiration: Unlimited
[Licensing::Module] License group:
  Id: 6369978-UnityPersXXXX
  Product: Unity Personal
  Type: Assigned
  Expiration: Unlimited
Register platform support module: C:/Program Files/Unity/Hub/Editor/6000.0.58f2/Editor/Data/PlaybackEngines/AndroidPlayer/UnityEditor.Android.Extensions.dll
[Licensing::Client] Successfully resolved entitlement details
[Licensing::Module] License group:
  Id: F4-DNGM-2Y5G-P62H-EJWF-XXXX
  Product: Unity Personal
  Type: ULF
  Expiration: Unlimited
[Licensing::Module] License group:
  Id: 6369978-UnityPersXXXX
  Product: Unity Personal
  Type: Assigned
  Expiration: Unlimited
Register platform support module: C:/Program Files/Unity/Hub/Editor/6000.0.58f2/Editor/Data/PlaybackEngines/iOSSupport/UnityEditor.iOS.Extensions.dll
Registered in 0.010436 seconds.
- Loaded All Assemblies, in  0.303 seconds
Native extension for iOS target not found
Native extension for Android target not found
Android Extension - Scanning For ADB Devices 2187 ms
Native extension for WindowsStandalone target not found
Mono: successfully reloaded assembly
- Finished resetting the current domain, in  2.430 seconds
Domain Reload Profiling: 2727ms
	BeginReloadAssembly (107ms)
		ExecutionOrderSort (0ms)
		DisableScriptedObjects (0ms)
		BackupInstance (0ms)
		ReleaseScriptingObjects (0ms)
		CreateAndSetChildDomain (0ms)
	RebuildCommonClasses (26ms)
	RebuildNativeTypeToScriptingClass (8ms)
	initialDomainReloadingComplete (49ms)
	LoadAllAssembliesAndSetupDomain (108ms)
		LoadAssemblies (101ms)
		RebuildTransferFunctionScriptingTraits (0ms)
		AnalyzeDomain (106ms)
			TypeCache.Refresh (105ms)
				TypeCache.ScanAssembly (96ms)
			BuildScriptInfoCaches (0ms)
			ResolveRequiredComponents (0ms)
	FinalizeReload (2430ms)
		ReleaseScriptCaches (0ms)
		RebuildScriptCaches (0ms)
		SetupLoadedEditorAssemblies (2408ms)
			LogAssemblyErrors (0ms)
			InitializePlatformSupportModulesInManaged (2269ms)
			SetLoadedEditorAssemblies (2ms)
			BeforeProcessingInitializeOnLoad (33ms)
			ProcessInitializeOnLoadAttributes (68ms)
			ProcessInitializeOnLoadMethodAttributes (36ms)
			AfterProcessingInitializeOnLoad (0ms)
			EditorAssembliesLoaded (0ms)
		ExecutionOrderSort2 (0ms)
		AwakeInstancesAfterBackupRestoration (0ms)
[Licensing::Client] Successfully resolved entitlement details
[Licensing::Module] License group:
  Id: F4-DNGM-2Y5G-P62H-EJWF-XXXX
  Product: Unity Personal
  Type: ULF
  Expiration: Unlimited
[Licensing::Module] License group:
  Id: 6369978-UnityPersXXXX
  Product: Unity Personal
  Type: Assigned
  Expiration: Unlimited
Application.AssetDatabase Initial Refresh Start
Package Manager log level set to [2]
[Package Manager] Restoring resolved packages state from cache
[Licensing::Client] Successfully resolved entitlement details
[Package Manager] Registered 58 packages:
  Packages from [https://packages.unity.com]:
    com.unity.ai.navigation@2.0.9 (location: D:\Unity\FPS-PayDayGame\Library\PackageCache\com.unity.ai.navigation@5218e4bf7edc)
    com.unity.cinemachine@3.1.3 (location: D:\Unity\FPS-PayDayGame\Library\PackageCache\com.unity.cinemachine@624f919d8cdd)
    com.unity.collab-proxy@2.9.3 (location: D:\Unity\FPS-PayDayGame\Library\PackageCache\com.unity.collab-proxy@ab839cc7d2ad)
    com.unity.ide.visualstudio@2.0.23 (location: D:\Unity\FPS-PayDayGame\Library\PackageCache\com.unity.ide.visualstudio@198cdf337d13)
    com.unity.inputsystem@1.14.2 (location: D:\Unity\FPS-PayDayGame\Library\PackageCache\com.unity.inputsystem@be6c4fd0abf5)
    com.unity.timeline@1.8.9 (location: D:\Unity\FPS-PayDayGame\Library\PackageCache\com.unity.timeline@6b9e48457ddb)
    com.unity.visualscripting@1.9.7 (location: D:\Unity\FPS-PayDayGame\Library\PackageCache\com.unity.visualscripting@6279e2b7c485)
    com.unity.splines@2.8.1 (location: D:\Unity\FPS-PayDayGame\Library\PackageCache\com.unity.splines@b909627b5095)
    com.unity.searcher@4.9.3 (location: D:\Unity\FPS-PayDayGame\Library\PackageCache\com.unity.searcher@1e17ce91558d)
    com.unity.burst@1.8.24 (location: D:\Unity\FPS-PayDayGame\Library\PackageCache\com.unity.burst@f7a407abf4d5)
    com.unity.mathematics@1.3.2 (location: D:\Unity\FPS-PayDayGame\Library\PackageCache\com.unity.mathematics@8017b507cc74)
    com.unity.collections@2.5.1 (location: D:\Unity\FPS-PayDayGame\Library\PackageCache\com.unity.collections@56bff8827a7e)
    com.unity.settings-manager@2.1.0 (location: D:\Unity\FPS-PayDayGame\Library\PackageCache\com.unity.settings-manager@41738c275190)
    com.unity.nuget.mono-cecil@1.11.4 (location: D:\Unity\FPS-PayDayGame\Library\PackageCache\com.unity.nuget.mono-cecil@d6f9955a5d5f)
    com.unity.test-framework.performance@3.1.0 (location: D:\Unity\FPS-PayDayGame\Library\PackageCache\com.unity.test-framework.performance@92d1d09a72ed)
  Built-in packages:
    com.unity.multiplayer.center@1.0.0 (location: D:\Unity\FPS-PayDayGame\Library\PackageCache\com.unity.multiplayer.center@f3fb577b3546)
    com.unity.render-pipelines.universal@17.0.4 (location: D:\Unity\FPS-PayDayGame\Library\PackageCache\com.unity.render-pipelines.universal@e1fa89d1f997)
    com.unity.test-framework@1.5.1 (location: D:\Unity\FPS-PayDayGame\Library\PackageCache\com.unity.test-framework@1f954279c37e)
    com.unity.ugui@2.0.0 (location: D:\Unity\FPS-PayDayGame\Library\PackageCache\com.unity.ugui@aa507f3228f0)
    com.unity.modules.accessibility@1.0.0 (location: C:\Program Files\Unity\Hub\Editor\6000.0.58f2\Editor\Data\Resources\PackageManager\BuiltInPackages\com.unity.modules.accessibility)
    com.unity.modules.ai@1.0.0 (location: C:\Program Files\Unity\Hub\Editor\6000.0.58f2\Editor\Data\Resources\PackageManager\BuiltInPackages\com.unity.modules.ai)
    com.unity.modules.androidjni@1.0.0 (location: C:\Program Files\Unity\Hub\Editor\6000.0.58f2\Editor\Data\Resources\PackageManager\BuiltInPackages\com.unity.modules.androidjni)
    com.unity.modules.animation@1.0.0 (location: C:\Program Files\Unity\Hub\Editor\6000.0.58f2\Editor\Data\Resources\PackageManager\BuiltInPackages\com.unity.modules.animation)
    com.unity.modules.assetbundle@1.0.0 (location: C:\Program Files\Unity\Hub\Editor\6000.0.58f2\Editor\Data\Resources\PackageManager\BuiltInPackages\com.unity.modules.assetbundle)
    com.unity.modules.audio@1.0.0 (location: C:\Program Files\Unity\Hub\Editor\6000.0.58f2\Editor\Data\Resources\PackageManager\BuiltInPackages\com.unity.modules.audio)
    com.unity.modules.cloth@1.0.0 (location: C:\Program Files\Unity\Hub\Editor\6000.0.58f2\Editor\Data\Resources\PackageManager\BuiltInPackages\com.unity.modules.cloth)
    com.unity.modules.director@1.0.0 (location: C:\Program Files\Unity\Hub\Editor\6000.0.58f2\Editor\Data\Resources\PackageManager\BuiltInPackages\com.unity.modules.director)
    com.unity.modules.imageconversion@1.0.0 (location: C:\Program Files\Unity\Hub\Editor\6000.0.58f2\Editor\Data\Resources\PackageManager\BuiltInPackages\com.unity.modules.imageconversion)
    com.unity.modules.imgui@1.0.0 (location: C:\Program Files\Unity\Hub\Editor\6000.0.58f2\Editor\Data\Resources\PackageManager\BuiltInPackages\com.unity.modules.imgui)
    com.unity.modules.jsonserialize@1.0.0 (location: C:\Program Files\Unity\Hub\Editor\6000.0.58f2\Editor\Data\Resources\PackageManager\BuiltInPackages\com.unity.modules.jsonserialize)
    com.unity.modules.particlesystem@1.0.0 (location: C:\Program Files\Unity\Hub\Editor\6000.0.58f2\Editor\Data\Resources\PackageManager\BuiltInPackages\com.unity.modules.particlesystem)
    com.unity.modules.physics@1.0.0 (location: C:\Program Files\Unity\Hub\Editor\6000.0.58f2\Editor\Data\Resources\PackageManager\BuiltInPackages\com.unity.modules.physics)
    com.unity.modules.physics2d@1.0.0 (location: C:\Program Files\Unity\Hub\Editor\6000.0.58f2\Editor\Data\Resources\PackageManager\BuiltInPackages\com.unity.modules.physics2d)
    com.unity.modules.screencapture@1.0.0 (location: C:\Program Files\Unity\Hub\Editor\6000.0.58f2\Editor\Data\Resources\PackageManager\BuiltInPackages\com.unity.modules.screencapture)
    com.unity.modules.terrain@1.0.0 (location: C:\Program Files\Unity\Hub\Editor\6000.0.58f2\Editor\Data\Resources\PackageManager\BuiltInPackages\com.unity.modules.terrain)
    com.unity.modules.terrainphysics@1.0.0 (location: C:\Program Files\Unity\Hub\Editor\6000.0.58f2\Editor\Data\Resources\PackageManager\BuiltInPackages\com.unity.modules.terrainphysics)
    com.unity.modules.tilemap@1.0.0 (location: C:\Program Files\Unity\Hub\Editor\6000.0.58f2\Editor\Data\Resources\PackageManager\BuiltInPackages\com.unity.modules.tilemap)
    com.unity.modules.ui@1.0.0 (location: C:\Program Files\Unity\Hub\Editor\6000.0.58f2\Editor\Data\Resources\PackageManager\BuiltInPackages\com.unity.modules.ui)
    com.unity.modules.uielements@1.0.0 (location: C:\Program Files\Unity\Hub\Editor\6000.0.58f2\Editor\Data\Resources\PackageManager\BuiltInPackages\com.unity.modules.uielements)
    com.unity.modules.umbra@1.0.0 (location: C:\Program Files\Unity\Hub\Editor\6000.0.58f2\Editor\Data\Resources\PackageManager\BuiltInPackages\com.unity.modules.umbra)
    com.unity.modules.unityanalytics@1.0.0 (location: C:\Program Files\Unity\Hub\Editor\6000.0.58f2\Editor\Data\Resources\PackageManager\BuiltInPackages\com.unity.modules.unityanalytics)
    com.unity.modules.unitywebrequest@1.0.0 (location: C:\Program Files\Unity\Hub\Editor\6000.0.58f2\Editor\Data\Resources\PackageManager\BuiltInPackages\com.unity.modules.unitywebrequest)
    com.unity.modules.unitywebrequestassetbundle@1.0.0 (location: C:\Program Files\Unity\Hub\Editor\6000.0.58f2\Editor\Data\Resources\PackageManager\BuiltInPackages\com.unity.modules.unitywebrequestassetbundle)
    com.unity.modules.unitywebrequestaudio@1.0.0 (location: C:\Program Files\Unity\Hub\Editor\6000.0.58f2\Editor\Data\Resources\PackageManager\BuiltInPackages\com.unity.modules.unitywebrequestaudio)
    com.unity.modules.unitywebrequesttexture@1.0.0 (location: C:\Program Files\Unity\Hub\Editor\6000.0.58f2\Editor\Data\Resources\PackageManager\BuiltInPackages\com.unity.modules.unitywebrequesttexture)
    com.unity.modules.unitywebrequestwww@1.0.0 (location: C:\Program Files\Unity\Hub\Editor\6000.0.58f2\Editor\Data\Resources\PackageManager\BuiltInPackages\com.unity.modules.unitywebrequestwww)
    com.unity.modules.vehicles@1.0.0 (location: C:\Program Files\Unity\Hub\Editor\6000.0.58f2\Editor\Data\Resources\PackageManager\BuiltInPackages\com.unity.modules.vehicles)
    com.unity.modules.video@1.0.0 (location: C:\Program Files\Unity\Hub\Editor\6000.0.58f2\Editor\Data\Resources\PackageManager\BuiltInPackages\com.unity.modules.video)
    com.unity.modules.vr@1.0.0 (location: C:\Program Files\Unity\Hub\Editor\6000.0.58f2\Editor\Data\Resources\PackageManager\BuiltInPackages\com.unity.modules.vr)
    com.unity.modules.wind@1.0.0 (location: C:\Program Files\Unity\Hub\Editor\6000.0.58f2\Editor\Data\Resources\PackageManager\BuiltInPackages\com.unity.modules.wind)
    com.unity.modules.xr@1.0.0 (location: C:\Program Files\Unity\Hub\Editor\6000.0.58f2\Editor\Data\Resources\PackageManager\BuiltInPackages\com.unity.modules.xr)
    com.unity.modules.subsystems@1.0.0 (location: C:\Program Files\Unity\Hub\Editor\6000.0.58f2\Editor\Data\Resources\PackageManager\BuiltInPackages\com.unity.modules.subsystems)
    com.unity.modules.hierarchycore@1.0.0 (location: C:\Program Files\Unity\Hub\Editor\6000.0.58f2\Editor\Data\Resources\PackageManager\BuiltInPackages\com.unity.modules.hierarchycore)
    com.unity.ext.nunit@2.0.5 (location: D:\Unity\FPS-PayDayGame\Library\PackageCache\com.unity.ext.nunit@031a54704bff)
    com.unity.render-pipelines.core@17.0.4 (location: D:\Unity\FPS-PayDayGame\Library\PackageCache\com.unity.render-pipelines.core@05f02f04fe74)
    com.unity.shadergraph@17.0.4 (location: D:\Unity\FPS-PayDayGame\Library\PackageCache\com.unity.shadergraph@7ccd16edcc88)
    com.unity.render-pipelines.universal-config@17.0.3 (location: D:\Unity\FPS-PayDayGame\Library\PackageCache\com.unity.render-pipelines.universal-config@dd206bf35d04)
    com.unity.rendering.light-transport@1.0.1 (location: D:\Unity\FPS-PayDayGame\Library\PackageCache\com.unity.rendering.light-transport@9bd588f963c0)
[Subsystems] No new subsystems found in resolved package list.
[Package Manager] Done registering packages in 0.02 seconds
Assembly reference Packages/com.unity.cinemachine/Editor/Samples/ExposeHDRPInternals/HDRP-Editor-ref.asmref has no target assembly definition
Assembly reference Packages/com.unity.cinemachine/Editor/Samples/ExposeHDRPInternals/HDRP-Editor-ref.asmref has no target assembly definition
[ScriptCompilation] Requested script compilation because: Assetdatabase observed changes in script compilation related files
Starting: C:\Program Files\Unity\Hub\Editor\6000.0.58f2\Editor\Data\bee_backend.exe --ipc --defer-dag-verification --dagfile="Library/Bee/1900b0aE.dag" --continue-on-failure --profile="Library/Bee/backend1.traceevents" ScriptAssemblies
WorkingDir: D:/Unity/FPS-PayDayGame
DisplayProgressbar: Compiling Scripts
Starting: C:\Program Files\Unity\Hub\Editor\6000.0.58f2\Editor\Data\Tools\netcorerun\netcorerun.exe "C:\Program Files\Unity\Hub\Editor\6000.0.58f2\Editor\Data\Tools\BuildPipeline\ScriptCompilationBuildProgram.exe" "Library/Bee/1900b0aE.dag.json" "Library/Bee/1900b0aE-inputdata.json" "Library\Bee\buildprogram0.traceevents"
WorkingDir: D:/Unity/FPS-PayDayGame
ExitCode: 4 Duration: 1s249ms
Rebuilding DAG because FileSignature timestamp changed: Library/Bee/1900b0aE-inputdata.json
[672/861    0s] ILPP-Configuration Library/ilpp-configuration.nevergeneratedoutput
[673/861    1s] Csc Library/Bee/artifacts/1900b0aE.dag/Assembly-CSharp.dll (+2 others)
Assets\VoronoirShred\Project\SelectMesh.cs(30,55): warning CS0618: 'Object.FindObjectsOfType<T>()' is obsolete: 'Object.FindObjectsOfType has been deprecated. Use Object.FindObjectsByType instead which lets you decide whether you need the results sorted or not.  FindObjectsOfType sorts the results by InstanceID but if you do not need this using FindObjectSortMode.None is considerably faster.'

Assets\VoronoirShred\Tools\Standard Assets\Utility\EventSystemChecker.cs(13,10): warning CS0618: 'Object.FindObjectOfType<T>()' is obsolete: 'Object.FindObjectOfType has been deprecated. Use Object.FindFirstObjectByType instead or if finding any instance is acceptable the faster Object.FindAnyObjectByType'

Assets\VoronoirShred\Tools\Standard Assets\Utility\EventSystemChecker.cs(18,13): warning CS0618: 'StandaloneInputModule.forceModuleActive' is obsolete: 'forceModuleActive has been deprecated. There is no need to force the module awake as StandaloneInputModule works for all platforms'

Assets\VoronoirShred\Tools\Standard Assets\CrossPlatformInput\Scripts\AxisTouchButton.cs(38,27): warning CS0618: 'Object.FindObjectsOfType(Type)' is obsolete: 'Object.FindObjectsOfType has been deprecated. Use Object.FindObjectsByType instead which lets you decide whether you need the results sorted or not.  FindObjectsOfType sorts the results by InstanceID, but if you do not need this using FindObjectSortMode.None is considerably faster.'

Assets\VoronoirShred\Tools\Standard Assets\Utility\ActivateTrigger.cs(57,33): warning CS0618: 'Object.DestroyObject(Object)' is obsolete: 'use Object.Destroy instead.'

Assets\VoronoirShred\Tools\Standard Assets\Utility\TimedObjectDestructor.cs(24,13): warning CS0618: 'Object.DestroyObject(Object)' is obsolete: 'use Object.Destroy instead.'

Assets\VoronoirShred\Tools\Standard Assets\CrossPlatformInput\Scripts\MobileControlRig.cs(44,63): warning CS0618: 'Object.FindObjectOfType<T>()' is obsolete: 'Object.FindObjectOfType has been deprecated. Use Object.FindFirstObjectByType instead or if finding any instance is acceptable the faster Object.FindAnyObjectByType'

Assets\VoronoirShred\Tools\PostProcessing\Runtime\Components\MotionBlurComponent.cs(350,60): warning CS0618: 'GraphicsDeviceType.OpenGLES2' is obsolete: 'OpenGL ES 2.0 is no longer supported in Unity 2023.1'

Assets\Scripts\InputFunctionsManager\InputReader.cs(12,25): warning CS0067: The event 'InputReader.DodgeEvent' is never used

Assets\Scripts\InputFunctionsManager\InputReader.cs(13,25): warning CS0067: The event 'InputReader.TargetEvent' is never used

Assets\Scripts\States\PlayerStates\PlayerIdleState.cs(9,9): warning CS0414: The field 'PlayerIdleState.maxInteractDistance' is assigned but its value is never used
*** Tundra requires additional run (1.20 seconds), 2 items updated, 671 evaluated
ExitCode: 0 Duration: 0s713ms
Starting: C:\Program Files\Unity\Hub\Editor\6000.0.58f2\Editor\Data\bee_backend.exe --ipc --defer-dag-verification --dagfile="Library/Bee/1900b0aE.dag" --continue-on-failure --dagfilejson="Library\Bee\1900b0aE.dag.json" --profile="Library/Bee/backend2.traceevents" ScriptAssemblies
WorkingDir: D:/Unity/FPS-PayDayGame
ExitCode: 0 Duration: 1s445ms
Finished compiling graph: 864 nodes, 15624 flattened edges (12694 ToBuild, 134 ToUse), maximum node priority 963
[475/861    0s] WriteText Library/Bee/artifacts/1900b0aE.dag/Assembly-CSharp.rsp
[672/861    0s] ILPP-Configuration Library/ilpp-configuration.nevergeneratedoutput
[853/861    0s] Csc Library/Bee/artifacts/1900b0aE.dag/Assembly-CSharp.dll (+2 others)
Assets\VoronoirShred\Project\SelectMesh.cs(30,55): warning CS0618: 'Object.FindObjectsOfType<T>()' is obsolete: 'Object.FindObjectsOfType has been deprecated. Use Object.FindObjectsByType instead which lets you decide whether you need the results sorted or not.  FindObjectsOfType sorts the results by InstanceID but if you do not need this using FindObjectSortMode.None is considerably faster.'

Assets\VoronoirShred\Tools\Standard Assets\Utility\EventSystemChecker.cs(13,10): warning CS0618: 'Object.FindObjectOfType<T>()' is obsolete: 'Object.FindObjectOfType has been deprecated. Use Object.FindFirstObjectByType instead or if finding any instance is acceptable the faster Object.FindAnyObjectByType'

Assets\VoronoirShred\Tools\Standard Assets\Utility\EventSystemChecker.cs(18,13): warning CS0618: 'StandaloneInputModule.forceModuleActive' is obsolete: 'forceModuleActive has been deprecated. There is no need to force the module awake as StandaloneInputModule works for all platforms'

Assets\VoronoirShred\Tools\Standard Assets\Utility\TimedObjectDestructor.cs(24,13): warning CS0618: 'Object.DestroyObject(Object)' is obsolete: 'use Object.Destroy instead.'

Assets\VoronoirShred\Tools\Standard Assets\CrossPlatformInput\Scripts\AxisTouchButton.cs(38,27): warning CS0618: 'Object.FindObjectsOfType(Type)' is obsolete: 'Object.FindObjectsOfType has been deprecated. Use Object.FindObjectsByType instead which lets you decide whether you need the results sorted or not.  FindObjectsOfType sorts the results by InstanceID, but if you do not need this using FindObjectSortMode.None is considerably faster.'

Assets\VoronoirShred\Tools\Standard Assets\Utility\ActivateTrigger.cs(57,33): warning CS0618: 'Object.DestroyObject(Object)' is obsolete: 'use Object.Destroy instead.'

Assets\VoronoirShred\Tools\Standard Assets\CrossPlatformInput\Scripts\MobileControlRig.cs(44,63): warning CS0618: 'Object.FindObjectOfType<T>()' is obsolete: 'Object.FindObjectOfType has been deprecated. Use Object.FindFirstObjectByType instead or if finding any instance is acceptable the faster Object.FindAnyObjectByType'

Assets\VoronoirShred\Tools\PostProcessing\Runtime\Components\MotionBlurComponent.cs(350,60): warning CS0618: 'GraphicsDeviceType.OpenGLES2' is obsolete: 'OpenGL ES 2.0 is no longer supported in Unity 2023.1'

Assets\Scripts\InputFunctionsManager\InputReader.cs(13,25): warning CS0067: The event 'InputReader.TargetEvent' is never used

Assets\Scripts\InputFunctionsManager\InputReader.cs(12,25): warning CS0067: The event 'InputReader.DodgeEvent' is never used

Assets\Scripts\States\PlayerStates\PlayerIdleState.cs(9,9): warning CS0414: The field 'PlayerIdleState.maxInteractDistance' is assigned but its value is never used
[854/861    0s] Csc Library/Bee/artifacts/1900b0aE.dag/Assembly-CSharp-Editor.dll (+2 others)
Assets\DungeonPainterTool\Scripts\Editor\DungeonMapPreview.cs(37,31): warning CS0414: The field 'DungeonMapPreview._visible' is assigned but its value is never used

Assets\DungeonPainterTool\Scripts\Editor\DungeonPainterWindow.cs(45,22): warning CS0414: The field 'DungeonPainterWindow.previewDirty' is assigned but its value is never used
[855/861    0s] ILPostProcess Library/Bee/artifacts/1900b0aE.dag/post-processed/Assembly-CSharp-Editor.dll (+pdb)
Processing assembly Library/Bee/artifacts/1900b0aE.dag/Assembly-CSharp-Editor.dll, with 127 defines and 325 references

processors: Unity.Jobs.CodeGen.JobsILPostProcessor, zzzUnity.Burst.CodeGen.BurstILPostProcessor

running Unity.Jobs.CodeGen.JobsILPostProcessor

running zzzUnity.Burst.CodeGen.BurstILPostProcessor
[856/861    0s] ILPostProcess Library/Bee/artifacts/1900b0aE.dag/post-processed/Assembly-CSharp.dll (+pdb)
Processing assembly Library/Bee/artifacts/1900b0aE.dag/Assembly-CSharp.dll, with 129 defines and 304 references

processors: Unity.Jobs.CodeGen.JobsILPostProcessor, zzzUnity.Burst.CodeGen.BurstILPostProcessor

running Unity.Jobs.CodeGen.JobsILPostProcessor

running zzzUnity.Burst.CodeGen.BurstILPostProcessor
[857/861    0s] CopyFiles Library/ScriptAssemblies/Assembly-CSharp-Editor.pdb
[858/861    0s] CopyFiles Library/ScriptAssemblies/Assembly-CSharp.pdb
[859/861    0s] CopyFiles Library/ScriptAssemblies/Assembly-CSharp.dll
[860/861    0s] CopyFiles Library/ScriptAssemblies/Assembly-CSharp-Editor.dll
*** Tundra build success (1.42 seconds), 10 items updated, 861 evaluated
Assets\VoronoirShred\Project\SelectMesh.cs(30,55): warning CS0618: 'Object.FindObjectsOfType<T>()' is obsolete: 'Object.FindObjectsOfType has been deprecated. Use Object.FindObjectsByType instead which lets you decide whether you need the results sorted or not.  FindObjectsOfType sorts the results by InstanceID but if you do not need this using FindObjectSortMode.None is considerably faster.'
Assets\VoronoirShred\Tools\Standard Assets\Utility\EventSystemChecker.cs(13,10): warning CS0618: 'Object.FindObjectOfType<T>()' is obsolete: 'Object.FindObjectOfType has been deprecated. Use Object.FindFirstObjectByType instead or if finding any instance is acceptable the faster Object.FindAnyObjectByType'
Assets\VoronoirShred\Tools\Standard Assets\Utility\EventSystemChecker.cs(18,13): warning CS0618: 'StandaloneInputModule.forceModuleActive' is obsolete: 'forceModuleActive has been deprecated. There is no need to force the module awake as StandaloneInputModule works for all platforms'
Assets\VoronoirShred\Tools\Standard Assets\Utility\TimedObjectDestructor.cs(24,13): warning CS0618: 'Object.DestroyObject(Object)' is obsolete: 'use Object.Destroy instead.'
Assets\VoronoirShred\Tools\Standard Assets\CrossPlatformInput\Scripts\AxisTouchButton.cs(38,27): warning CS0618: 'Object.FindObjectsOfType(Type)' is obsolete: 'Object.FindObjectsOfType has been deprecated. Use Object.FindObjectsByType instead which lets you decide whether you need the results sorted or not.  FindObjectsOfType sorts the results by InstanceID, but if you do not need this using FindObjectSortMode.None is considerably faster.'
Assets\VoronoirShred\Tools\Standard Assets\Utility\ActivateTrigger.cs(57,33): warning CS0618: 'Object.DestroyObject(Object)' is obsolete: 'use Object.Destroy instead.'
Assets\VoronoirShred\Tools\Standard Assets\CrossPlatformInput\Scripts\MobileControlRig.cs(44,63): warning CS0618: 'Object.FindObjectOfType<T>()' is obsolete: 'Object.FindObjectOfType has been deprecated. Use Object.FindFirstObjectByType instead or if finding any instance is acceptable the faster Object.FindAnyObjectByType'
Assets\VoronoirShred\Tools\PostProcessing\Runtime\Components\MotionBlurComponent.cs(350,60): warning CS0618: 'GraphicsDeviceType.OpenGLES2' is obsolete: 'OpenGL ES 2.0 is no longer supported in Unity 2023.1'
Assets\Scripts\InputFunctionsManager\InputReader.cs(13,25): warning CS0067: The event 'InputReader.TargetEvent' is never used
Assets\Scripts\InputFunctionsManager\InputReader.cs(12,25): warning CS0067: The event 'InputReader.DodgeEvent' is never used
Assets\Scripts\States\PlayerStates\PlayerIdleState.cs(9,9): warning CS0414: The field 'PlayerIdleState.maxInteractDistance' is assigned but its value is never used
Assets\DungeonPainterTool\Scripts\Editor\DungeonMapPreview.cs(37,31): warning CS0414: The field 'DungeonMapPreview._visible' is assigned but its value is never used
Assets\DungeonPainterTool\Scripts\Editor\DungeonPainterWindow.cs(45,22): warning CS0414: The field 'DungeonPainterWindow.previewDirty' is assigned but its value is never used
AssetDatabase: script compilation time: 3.698848s
Begin MonoManager ReloadAssembly
- Loaded All Assemblies, in  0.983 seconds
'Packages/com.unity.cinemachine/Editor/Editors/CinemachineVirtualCameraBaseEditor.cs' contains partial class of Unity.Object, exactly 1 of the partial classes needs to be in a file with the same filename. This is to know the one that can be referenced from ie. GameObjects
'Packages/com.unity.cinemachine/Editor/Obsolete/CinemachineVirtualCameraBaseEditor.cs' contains partial class of Unity.Object, exactly 1 of the partial classes needs to be in a file with the same filename. This is to know the one that can be referenced from ie. GameObjects
Refreshing native plugins compatible for Editor in 3.62 ms, found 22 plugins.
Native extension for iOS target not found
Native extension for Android target not found
Native extension for WindowsStandalone target not found
Assembly reference Packages/com.unity.cinemachine/Editor/Samples/ExposeHDRPInternals/HDRP-Editor-ref.asmref has no target assembly definition
Mono: successfully reloaded assembly
- Finished resetting the current domain, in  2.749 seconds
Domain Reload Profiling: 3724ms
	BeginReloadAssembly (274ms)
		ExecutionOrderSort (0ms)
		DisableScriptedObjects (7ms)
		BackupInstance (0ms)
		ReleaseScriptingObjects (0ms)
		CreateAndSetChildDomain (141ms)
	RebuildCommonClasses (27ms)
	RebuildNativeTypeToScriptingClass (8ms)
	initialDomainReloadingComplete (32ms)
	LoadAllAssembliesAndSetupDomain (633ms)
		LoadAssemblies (549ms)
		RebuildTransferFunctionScriptingTraits (0ms)
		AnalyzeDomain (178ms)
			TypeCache.Refresh (133ms)
				TypeCache.ScanAssembly (124ms)
			BuildScriptInfoCaches (34ms)
			ResolveRequiredComponents (8ms)
	FinalizeReload (2749ms)
		ReleaseScriptCaches (0ms)
		RebuildScriptCaches (0ms)
		SetupLoadedEditorAssemblies (2563ms)
			LogAssemblyErrors (0ms)
			InitializePlatformSupportModulesInManaged (32ms)
			SetLoadedEditorAssemblies (2ms)
			BeforeProcessingInitializeOnLoad (110ms)
			ProcessInitializeOnLoadAttributes (2337ms)
			ProcessInitializeOnLoadMethodAttributes (67ms)
			AfterProcessingInitializeOnLoad (14ms)
			EditorAssembliesLoaded (0ms)
		ExecutionOrderSort2 (0ms)
		AwakeInstancesAfterBackupRestoration (8ms)
Refreshing native plugins compatible for Editor in 4.25 ms, found 22 plugins.
Preloading 0 native plugins for Editor in 0.00 ms.
Asset Pipeline Refresh (id=f005d487a86e35c4ca8e9c070861f2e8): Total: 8.337 seconds - Initiated by InitialRefreshV2(ForceSynchronousImport)
	Summary:
		Imports: total=0 (actual=0, local cache=0, cache server=0)
		Asset DB Process Time: managed=0 ms, native=3100 ms
		Asset DB Callback time: managed=484 ms, native=25 ms
		Scripting: domain reloads=1, domain reload time=983 ms, compile time=3700 ms, other=42 ms
		Project Asset Count: scripts=1547, non-scripts=3139
		Asset File Changes: new=1, changed=6, moved=0, deleted=0
		Scan Filter Count: 0
	InvokeCustomDependenciesCallbacks: 0.001ms
	InvokePackagesCallback: 19.093ms
	ApplyChangesToAssetFolders: 0.480ms
	Scan: 86.415ms
	OnSourceAssetsModified: 0.626ms
	CategorizeAssetsWithTransientArtifact: 38.431ms
	ProcessAssetsWithTransientArtifactChanges: 64.888ms
	CategorizeAssets: 48.376ms
	ImportOutOfDateAssets: 2762.382ms (-939.123ms without children)
		CompileScripts: 3699.838ms
		ReloadNativeAssets: 0.019ms
		UnloadImportedAssets: 0.736ms
		EnsureUptoDateAssetsAreRegisteredWithGuidPM: 0.563ms
		InitializingProgressBar: 0.000ms
		PostProcessAllAssetNotificationsAddChangedAssets: 0.000ms
		OnDemandSchedulerStart: 0.349ms
	PostProcessAllAssets: 484.751ms
	Hotreload: 6.695ms
	GatherAllCurrentPrimaryArtifactRevisions: 0.001ms
	UnloadStreamsBegin: 1.272ms
	PersistCurrentRevisions: 0.092ms
	UnloadStreamsEnd: 0.001ms
	GenerateScriptTypeHashes: 4.481ms
	Untracked: 4823.265ms

Application.AssetDatabase Initial Refresh End
Scanning for USB devices : 18.401ms
Initializing Unity extensions:
[MODES] ModeService[none].Initialize
[MODES] ModeService[none].LoadModes
[MODES] Loading mode Default (0) for mode-current-id-RobotGame
Unloading 33 Unused Serialized files (Serialized files now loaded: 0)
Unloading 6701 unused Assets / (6.9 MB). Loaded Objects now: 7437.
Memory consumption went from 217.5 MB to 210.6 MB.
Total: 9.995200 ms (FindLiveObjects: 0.889400 ms CreateObjectMapping: 0.331400 ms MarkObjects: 5.562000 ms  DeleteObjects: 3.211500 ms)

Asset Pipeline Refresh (id=25f8ca4f92727e641b1265c1a30132d8): Total: 0.043 seconds - Initiated by RefreshV2(NoUpdateAssetOptions)
Start importing Assets/Art/Laboratory/OperatorArms.fbx using Guid(231363a41e779fd479b1b692f28a07c7) (FBXImporter)Keyframe reduction: Ratio: 18.146717%;
Keyframe reduction: Ratio: 28.378378%;
Keyframe reduction: Ratio: 23.423426%;
Keyframe reduction: Ratio: 4.166666%;
Keyframe reduction: Ratio: 14.054054%;
Keyframe reduction: Ratio: 21.171171%;
Keyframe reduction: Ratio: 6.351351%;
 -> (artifact id: 'b2fa3a68c729c9eac5b391fec6afad5b') in 0.1468796 seconds
Refreshing native plugins compatible for Editor in 4.30 ms, found 22 plugins.
Preloading 0 native plugins for Editor in 0.00 ms.
Asset Pipeline Refresh (id=2b6ab994fac3aae42a6fc170e9f32141): Total: 0.193 seconds - Initiated by StopAssetImportingV2(NoUpdateAssetOptions)
Loaded scene 'Library/Unused/c796fc976788d88428793bf4d0eeb91a'
	Deserialize:            16.187 ms
	Integration:            17.487 ms
	Integration of assets:  0.249 ms
	Thread Wait Time:       0.012 ms
	Total Operation Time:   33.935 ms
Start importing Assets/Art/Laboratory/Knife blade.asset using Guid(99c4a823912da28449d5f04285d77dc6) (NativeFormatImporter) -> (artifact id: '69a5c3936bcf9b59302c90c0ac18c655') in 0.0018494 seconds
Refreshing native plugins compatible for Editor in 3.49 ms, found 22 plugins.
Preloading 0 native plugins for Editor in 0.00 ms.
Asset Pipeline Refresh (id=a60ab7f2211a3cc44917c935951ff8fe): Total: 0.035 seconds - Initiated by StopAssetImportingV2(NoUpdateAssetOptions)
Start importing Assets/Prefabs/Player/-----Player.prefab using Guid(33a9e2acf122a9f439cebf07555492bc) (PrefabImporter) -> (artifact id: 'ae7f789a296054d13daca75c0598c03f') in 0.0121327 seconds
Refreshing native plugins compatible for Editor in 4.19 ms, found 22 plugins.
Preloading 0 native plugins for Editor in 0.00 ms.
Asset Pipeline Refresh (id=52eac9fe0cf1d8f45830a008978c32a0): Total: 0.047 seconds - Initiated by StopAssetImportingV2(NoUpdateAssetOptions)
Asset Pipeline Refresh (id=c8722c41e2ae0604a873bc4b56b25f49): Total: 0.008 seconds - Initiated by StopAssetImportingV2(NoUpdateAssetOptions)
Opening scene 'Assets/Scenes/SampleScene.unity'
Unloading 10 Unused Serialized files (Serialized files now loaded: 0)
LightingSettings: switching bake backend from 1 to 2.
Loaded scene 'Assets/Scenes/SampleScene.unity'
	Deserialize:            35.190 ms
	Integration:            244.562 ms
	Integration of assets:  1.370 ms
	Thread Wait Time:       0.002 ms
	Total Operation Time:   281.123 ms
Unloading 345 unused Assets / (6.3 MB). Loaded Objects now: 10845.
Memory consumption went from 206.9 MB to 200.6 MB.
Total: 6.898900 ms (FindLiveObjects: 0.846500 ms CreateObjectMapping: 0.462800 ms MarkObjects: 5.341400 ms  DeleteObjects: 0.247500 ms)

Start importing Assets/Art/Laboratory/Pistol Recoil.asset using Guid(00c5ed87d18bb1840ba5bb5ec635e1c0) (NativeFormatImporter) -> (artifact id: '68c53eda51bc42292df0a919bcb48033') in 0.0019781 seconds
Start importing Assets/Art/Laboratory/ShotGun Sway.asset using Guid(a3e15fc652890244e92d43bb7cd3f521) (NativeFormatImporter) -> (artifact id: '973dae9ef5353b8c2f4bcd0bbe291cfe') in 0.0010615 seconds
Start importing Assets/Art/Laboratory/Trace.asset using Guid(f3142cfb167b1bf42a3368f1e39081d6) (NativeFormatImporter) -> (artifact id: 'bea430f9603fa93090efbd061be0b501') in 0.0010446 seconds
Start importing Assets/Art/Laboratory/Knife Sway.asset using Guid(f74d0d581c95d4547a27e0bb102056c9) (NativeFormatImporter) -> (artifact id: '56b5c0f4965fc2e228969a95a7d0e59a') in 0.001016 seconds
Start importing Assets/Art/Laboratory/Pistol Sway.asset using Guid(79af69b05924c9743aac9f116c5c1c76) (NativeFormatImporter) -> (artifact id: '340cfc66b4fa708e99ad5bd5727d542f') in 0.0010156 seconds
Start importing Assets/Art/Laboratory/Knife blade.asset using Guid(99c4a823912da28449d5f04285d77dc6) (NativeFormatImporter) -> (artifact id: '3f2395e8a095a5f698ac40ffab14b1b3') in 0.0009312 seconds
Start importing Assets/Art/Laboratory/Titanium.asset using Guid(a9321663c6e49ea409dd6f5660ec2a63) (NativeFormatImporter) -> (artifact id: '0cb4fe0b2f696ffa19b0c6e62db8f148') in 0.0011291 seconds
Start importing Assets/Art/Laboratory/Ion cyan.asset using Guid(d99449f442176ab449c6960050600c8b) (NativeFormatImporter) -> (artifact id: '4a63e7c6754fd24ee717fb292c651ceb') in 0.0010291 seconds
Start importing Assets/Art/Laboratory/MachineGun Recoil.asset using Guid(aa39e52687ed4ec4ea92eaf406e8d585) (NativeFormatImporter) -> (artifact id: 'f286555bc4368a603693317103efbe8e') in 0.001043 seconds
Start importing Assets/Art/Laboratory/Ceramic.asset using Guid(4b828bd9b1f0a894286cbefed128b648) (NativeFormatImporter) -> (artifact id: '83b774fa1ac5b178fcd3cccb24141867') in 0.0009606 seconds
Start importing Assets/Art/Laboratory/ShotGun Recoil.asset using Guid(0c35c85b9834e444194dad932372701c) (NativeFormatImporter) -> (artifact id: '9b341c052bfda858a144990ad6acbcc2') in 0.000934 seconds
Start importing Assets/Art/Laboratory/Lab grading.asset using Guid(fc7b7a61b5e9a1241aa75428cd3929ab) (NativeFormatImporter) -> (artifact id: '4f934505da73746f77152f724b109d93') in 0.0011022 seconds
Start importing Assets/Art/Laboratory/Graphite.asset using Guid(2d73613a08cc33a4dbedae6216e80d1d) (NativeFormatImporter) -> (artifact id: '28ad05989df5310262c1db1b9326e4ee') in 0.0010508 seconds
Start importing Assets/Art/Laboratory/MachineGun Sway.asset using Guid(4dab56d1be5af3d41915ba6c545618ea) (NativeFormatImporter) -> (artifact id: '4f3e8825a15d1154cc6fd606353c467a') in 0.0008818 seconds
Start importing Assets/Art/Laboratory/Safety amber.asset using Guid(bd0f041d3c7555c4e9b4478a7fc82c1a) (NativeFormatImporter) -> (artifact id: '743278f5637d65b14189c79b48478740') in 0.0009138 seconds
Start importing Assets/Art/Laboratory/LaboratoryNavMesh.asset using Guid(5e170e96c7cff3c499aecbe57e77aabd) (NativeFormatImporter)Main Object Name 'Lab Navigation' does not match filename 'LaboratoryNavMesh'
UnityEngine.Debug:ExtractStackTraceNoAlloc (byte*,int,string)
UnityEngine.StackTraceUtility:ExtractStackTrace ()
UnityEditor.SceneManagement.EditorSceneManager:SaveSceneInternal (UnityEngine.SceneManagement.Scene,string,bool)
UnityEditor.SceneManagement.EditorSceneManager:SaveScene (UnityEngine.SceneManagement.Scene,string,bool)
UnityEditor.SceneManagement.EditorSceneManager:SaveScene (UnityEngine.SceneManagement.Scene)
LabBuild:Generate () (at Assets/Editor/Laboratory/LabBuild.cs:82)

[Assets/Editor/Laboratory/LabBuild.cs line 82]

 -> (artifact id: 'd66b3f16b83c8ee40ca9da29aeee1bb4') in 0.0014943 seconds
Start importing Assets/Art/Laboratory/Containment glass.asset using Guid(8f5bbec823afed94daf492f3e72bb542) (NativeFormatImporter) -> (artifact id: 'ca7b7ac7b6ce4ee010c849c2c62d2bdc') in 0.0009432 seconds
Refreshing native plugins compatible for Editor in 2.71 ms, found 22 plugins.
Preloading 0 native plugins for Editor in 0.00 ms.
Asset Pipeline Refresh (id=76bfbc5ab15c98e45a2755d7a674b775): Total: 0.053 seconds - Initiated by StopAssetImportingV2(NoUpdateAssetOptions)
Start importing Assets/Scenes/SampleScene.unity using Guid(99c9720ab356a0642a771bea13969a05) (DefaultImporter) -> (artifact id: 'da0af58ec3b8aae76ad91264798642c8') in 0.0006699 seconds
Refreshing native plugins compatible for Editor in 3.46 ms, found 22 plugins.
Preloading 0 native plugins for Editor in 0.00 ms.
Asset Pipeline Refresh (id=9eb085b77d16a3a45a845cd111c86a5f): Total: 0.026 seconds - Initiated by StopAssetImportingV2(NoUpdateAssetOptions)
LAB BUILD COMPLETE
UnityEngine.Debug:ExtractStackTraceNoAlloc (byte*,int,string)
UnityEngine.StackTraceUtility:ExtractStackTrace ()
UnityEngine.DebugLogHandler:Internal_Log (UnityEngine.LogType,UnityEngine.LogOption,string,UnityEngine.Object)
UnityEngine.DebugLogHandler:LogFormat (UnityEngine.LogType,UnityEngine.Object,string,object[])
UnityEngine.Logger:Log (UnityEngine.LogType,object)
UnityEngine.Debug:Log (object)
LabBuild:Generate () (at Assets/Editor/Laboratory/LabBuild.cs:85)

(Filename: Assets/Editor/Laboratory/LabBuild.cs Line: 85)

Batchmode quit successfully invoked - shutting down!
Killing ADB server in 0,0333028 seconds.
[Physics::Module] Cleanup current backned.
[Physics::Module] Id: 0xf2b8ea05
Input System module state changed to: ShutdownInProgress.
Input System polling thread exited.
Input System module state changed to: Shutdown.
[Licensing::IpcConnector] LicenseClient-Edgar-notifications channel disconnected successfully.
[Licensing::IpcConnector] LicenseClient-Edgar channel disconnected successfully.
AcceleratorClientConnectionCallback - disconnected - :0
Cleanup mono
Exiting batchmode successfully now!
Exiting without the bug reporter. Application will terminate with return code 0